> ?matrix
> matrix(nrow=6,ncol=4)
     [,1] [,2] [,3] [,4]
[1,]   NA   NA   NA   NA
[2,]   NA   NA   NA   NA
[3,]   NA   NA   NA   NA
[4,]   NA   NA   NA   NA
[5,]   NA   NA   NA   NA
[6,]   NA   NA   NA   NA
> matrix(dat=c(4,1,0,5,2,4,1,0,9,2,0,3,3,2,9,1,1,5,4,5,2,3,2,7),nrow=6,ncol=4)
     [,1] [,2] [,3] [,4]
[1,]    4    1    3    4
[2,]    1    0    2    5
[3,]    0    9    9    2
[4,]    5    2    1    3
[5,]    2    0    1    2
[6,]    4    3    5    7
> matrix((4,1,0,5,2,4,1,0,9,2,0,3,3,2,9,1,1,5,4,5,2,3,2,7),nrow=6,ncol=4)
Error: unexpected ',' in "matrix((4,"
> matrix(c(4,1,0,5,2,4,1,0,9,2,0,3,3,2,9,1,1,5,4,5,2,3,2,7),nrow=6,ncol=4)
     [,1] [,2] [,3] [,4]
[1,]    4    1    3    4
[2,]    1    0    2    5
[3,]    0    9    9    2
[4,]    5    2    1    3
[5,]    2    0    1    2
[6,]    4    3    5    7
> a=matrix(c(4,1,0,5,2,4,1,0,9,2,0,3,3,2,9,1,1,5,4,5,2,3,2,7),nrow=6,ncol=4)
> a2=matrix(c(2,1,0,5,2,4,5,0,9,2,0,3,4,2,9,4,9,1,2,6,2,5,2,1),nrow=6,ncol=4)
> datos1=c(4,1,0,5,2,4,1,0,9,2,0,3,3,2,9,1,1,5,4,5,2,3,2,7)
> datos2=c(2,1,0,5,2,4,5,0,9,2,0,3,4,2,9,4,9,1,2,6,2,5,2,1)
> a1=matrix(data=datos1,nrow = 6,ncol = 4)
> a2=matrix(data=datos2,nrow = 6,ncol = 4)
> matrix(1:24,ncol = 6, nrow = 4)
     [,1] [,2] [,3] [,4] [,5] [,6]
[1,]    1    5    9   13   17   21
[2,]    2    6   10   14   18   22
[3,]    3    7   11   15   19   23
[4,]    4    8   12   16   20   24
> matrix(1:24,ncol = 6, nrow = 4, byrow = TRUE)
     [,1] [,2] [,3] [,4] [,5] [,6]
[1,]    1    2    3    4    5    6
[2,]    7    8    9   10   11   12
[3,]   13   14   15   16   17   18
[4,]   19   20   21   22   23   24
> 
> ?array
> A=matrix(1:24,ncol = 6, nrow = 4)
> A[3,3]
[1] 11
> A[3,]
[1]  3  7 11 15 19 23
> datos3ejemplo=1:48
> array(data=datos3ejemplo,dim = (6,4,2))
Error: unexpected ',' in "array(data=datos3ejemplo,dim = (6,"
> array(data=datos3ejemplo,dim = (6, 4,2))
Error: unexpected ',' in "array(data=datos3ejemplo,dim = (6,"
> array(data=datos3ejemplo,dim = c(6, 4,2))
, , 1

     [,1] [,2] [,3] [,4]
[1,]    1    7   13   19
[2,]    2    8   14   20
[3,]    3    9   15   21
[4,]    4   10   16   22
[5,]    5   11   17   23
[6,]    6   12   18   24

, , 2

     [,1] [,2] [,3] [,4]
[1,]   25   31   37   43
[2,]   26   32   38   44
[3,]   27   33   39   45
[4,]   28   34   40   46
[5,]   29   35   41   47
[6,]   30   36   42   48

> arrayejemplo=array(data=datos3ejemplo,dim = c(6, 4,2))
> arrayejemplo[,,1]
     [,1] [,2] [,3] [,4]
[1,]    1    7   13   19
[2,]    2    8   14   20
[3,]    3    9   15   21
[4,]    4   10   16   22
[5,]    5   11   17   23
[6,]    6   12   18   24
> arrayejemplo[,,2]
     [,1] [,2] [,3] [,4]
[1,]   25   31   37   43
[2,]   26   32   38   44
[3,]   27   33   39   45
[4,]   28   34   40   46
[5,]   29   35   41   47
[6,]   30   36   42   48
> arrayejemplo[1,,1]
[1]  1  7 13 19
> arrayejemplo[,2,2]
[1] 31 32 33 34 35 36
> a+1:3
     [,1] [,2] [,3] [,4]
[1,]    5    2    4    5
[2,]    3    2    4    7
[3,]    3   12   12    5
[4,]    6    3    2    4
[5,]    4    2    3    4
[6,]    7    6    8   10
> A + 1:3
     [,1] [,2] [,3] [,4] [,5] [,6]
[1,]    2    7   12   14   19   24
[2,]    4    9   11   16   21   23
[3,]    6    8   13   18   20   25
[4,]    5   10   15   17   22   27
> A + 1:6
     [,1] [,2] [,3] [,4] [,5] [,6]
[1,]    2   10   12   14   22   24
[2,]    4   12   14   16   24   26
[3,]    6    8   16   18   20   28
[4,]    8   10   18   20   22   30
> a
     [,1] [,2] [,3] [,4]
[1,]    4    1    3    4
[2,]    1    0    2    5
[3,]    0    9    9    2
[4,]    5    2    1    3
[5,]    2    0    1    2
[6,]    4    3    5    7
> A
     [,1] [,2] [,3] [,4] [,5] [,6]
[1,]    1    5    9   13   17   21
[2,]    2    6   10   14   18   22
[3,]    3    7   11   15   19   23
[4,]    4    8   12   16   20   24
> A + 1:5
     [,1] [,2] [,3] [,4] [,5] [,6]
[1,]    2   10   13   16   19   22
[2,]    4    7   15   18   21   24
[3,]    6    9   12   20   23   26
[4,]    8   11   14   17   25   28
Warning message:
In A + 1:5 :
  longer object length is not a multiple of shorter object length
> A + 1:12
     [,1] [,2] [,3] [,4] [,5] [,6]
[1,]    2   10   18   14   22   30
[2,]    4   12   20   16   24   32
[3,]    6   14   22   18   26   34
[4,]    8   16   24   20   28   36
> A + 1:7
     [,1] [,2] [,3] [,4] [,5] [,6]
[1,]    2   10   11   19   20   28
[2,]    4   12   13   21   22   23
[3,]    6   14   15   16   24   25
[4,]    8    9   17   18   26   27